// Jest Snapshot v1, https://goo.gl/fbAQLP

exports[`Renders a list of blogs 1`] = `
<div>
  <div>
    <nav
      class="navbar px-6 md:px-36 lg:px-48"
    >
      <div
        class="flex justify-start items-center"
      >
        <a
          class="hover:border-white"
          href="/"
        >
          <img
            alt="Adithya NR"
            class="fill-current lg:h-16 lg:w-16 w-12 h-12"
            src="/static/logo_black.svg"
          />
        </a>
        <span
          class="sm:inline hidden ml-6 text-gray-500 capitalize"
        />
      </div>
      <ul
        class="flex justify-between"
      >
        <li
          class="ml-6"
        >
          <a
            class=" text-black text-sm hover:border-gray-900"
            data-testid="nav-link"
            href="/about"
          >
            About
          </a>
        </li>
        <li
          class="ml-6"
        >
          <a
            class=" text-black text-sm hover:border-gray-900"
            data-testid="nav-link"
            href="/blog"
          >
            Blog
          </a>
        </li>
        <li
          class="ml-6"
        >
          <a
            class=" text-black text-sm hover:border-gray-900"
            data-testid="nav-link"
            href="/contact"
          >
            Contact
          </a>
        </li>
      </ul>
    </nav>
    <div
      class="px-6 md:px-36 lg:px-48 mb-6"
      data-testid="container"
    >
      <h1
        class="font-semibold text-5xl text-gray-900 mb-6"
      >
        <b>
          Blogs
        </b>
      </h1>
      <a
        class="flex flex-wrap justify-between items-baseline px-0 md:px-6 hover:text-blue-900 py-4 border-black w-full mx-auto mb-5"
        data-testid="article"
        href="/blog/abc"
      >
        <h3
          class="text-2xl text-black font-semibold "
        >
          abc
        </h3>
        <small
          class="mt-5 sm:my-0 text-gray-900 text-xs"
        >
          2018-01-01
        </small>
      </a>
      <a
        class="flex flex-wrap justify-between items-baseline px-0 md:px-6 hover:text-blue-900 py-4 border-black w-full mx-auto mb-5"
        data-testid="article"
        href="/blog/undefined"
      >
        <h3
          class="text-2xl text-black font-semibold "
        >
          xyz
        </h3>
        <small
          class="mt-5 sm:my-0 text-gray-900 text-xs"
        >
          2018-09-12
        </small>
      </a>
    </div>
  </div>
</div>
`;
