// Jest Snapshot v1, https://goo.gl/fbAQLP

exports[`Home page matches snapshot 1`] = `
<DocumentFragment>
  <div>
    <nav
      class="navbar px-6 md:px-36 lg:px-48"
    >
      <div
        class="flex justify-start items-center"
      >
        <a
          class="hover:border-white"
          href="/"
        >
          <img
            alt="Adithya NR logo"
            class="fill-current lg:h-16 lg:w-16 w-12 h-12"
            src="/static/logo_black.svg"
          />
        </a>
        <span
          class="sm:inline hidden ml-6 text-gray-500 capitalize"
        />
      </div>
      <ul
        class="flex justify-between"
      >
        <li
          class="ml-6"
        >
          <a
            class=" text-black text-sm hover:border-gray-900"
            data-testid="nav-link"
            href="/about"
          >
            About
          </a>
        </li>
        <li
          class="ml-6"
        >
          <a
            class=" text-black text-sm hover:border-gray-900"
            data-testid="nav-link"
            href="/blog"
          >
            Blog
          </a>
        </li>
        <li
          class="ml-6"
        >
          <a
            class=" text-black text-sm hover:border-gray-900"
            data-testid="nav-link"
            href="/work"
          >
            Work
          </a>
        </li>
        <li
          class="ml-6"
        >
          <a
            class=" text-black text-sm hover:border-gray-900"
            data-testid="nav-link"
            href="/contact"
          >
            Contact
          </a>
        </li>
      </ul>
    </nav>
    <div
      class="px-6 md:px-36 lg:px-48 mb-6"
      data-testid="container"
    >
      <div
        class="flex justify-between items-center flex-wrap md:flex-nowrap hero-wrapper"
      >
        <div
          style="opacity: 0; transform: translateY(20px) translateZ(0);"
        >
          <h1
            class="font-semibold text-3xl md:text-4xl hero-title"
          >
            Hey, I'm 
            <span
              class="font-bold"
            >
              Adithya 
            </span>
            <span
              role="img"
            >
              👋
            </span>
          </h1>
          <p
            class="mt-5 w-full lg:w-3/4 leading-7 poppins hero-description"
          >
            A UX engineer from Bengaluru, helping companies of all sizes get ahead online. I am currently working on DevOps and Analytics products at 
            <span
              class="text-blue-800"
            >
              Betsol
            </span>
            .
          </p>
          <div
            class="mt-6 mb-8 flex justify-start items-center"
          >
            <a
              class="button_primary mr-5"
              href="/about"
            >
              About me
            </a>
            <a
              class="button_outlined"
              href="/contact"
            >
              Get in touch
            </a>
          </div>
          <div
            class="mb-5"
          >
            <div
              class="flex justify-start items-center mt-10 lg:mt-0"
            >
              <a
                class="text-black mr-5"
                data-testid="socials-link"
                href="https://behance.net/adithyabhat"
                rel="noreferrer noopener"
                target="_blank"
              >
                <img
                  alt="behance"
                  loading="lazy"
                  src="/static/behance.svg"
                />
              </a>
              <a
                class="text-black mr-5"
                data-testid="socials-link"
                href="https://dribbble.com/adithyanr"
                rel="noreferrer noopener"
                target="_blank"
              >
                <img
                  alt="dribbble"
                  loading="lazy"
                  src="/static/dribbble.svg"
                />
              </a>
              <a
                class="text-black mr-5"
                data-testid="socials-link"
                href="https://twitter.com/adithya__nr"
                rel="noreferrer noopener"
                target="_blank"
              >
                <img
                  alt="twitter"
                  loading="lazy"
                  src="/static/twitter.svg"
                />
              </a>
              <a
                class="text-black mr-5"
                data-testid="socials-link"
                href="https://github.com/adithyabhat17"
                rel="noreferrer noopener"
                target="_blank"
              >
                <img
                  alt="github"
                  loading="lazy"
                  src="/static/github.svg"
                />
              </a>
              <a
                class="text-black mr-5"
                data-testid="socials-link"
                href="https://linkedin.com/in/adithya-nr"
                rel="noreferrer noopener"
                target="_blank"
              >
                <img
                  alt="linkedin"
                  loading="lazy"
                  src="/static/linkedin.svg"
                />
              </a>
            </div>
          </div>
        </div>
        <div
          class="mx-auto"
          style="opacity: 0; transform: translateY(20px) translateZ(0);"
        >
          <div
            style="display: inline-block; max-width: 100%; overflow: hidden; position: relative; box-sizing: border-box; margin: 0px;"
          >
            <div
              style="box-sizing: border-box; display: block; max-width: 100%;"
            >
              <img
                alt=""
                aria-hidden="true"
                role="presentation"
                src="data:image/svg+xml;base64,PHN2ZyB3aWR0aD0iNjAwIiBoZWlnaHQ9IjYwMCIgeG1sbnM9Imh0dHA6Ly93d3cudzMub3JnLzIwMDAvc3ZnIiB2ZXJzaW9uPSIxLjEiLz4="
                style="max-width: 100%; display: block; margin: 0px; padding: 0px;"
              />
            </div>
            <img
              alt="Hero image"
              class="block mx-auto w-full "
              decoding="async"
              src="/_next/image?url=%2Fstatic%2Fhero.svg&w=1200&q=75"
              srcset="/_next/image?url=%2Fstatic%2Fhero.svg&w=768&q=75 1x, /_next/image?url=%2Fstatic%2Fhero.svg&w=1200&q=75 2x"
              style="visibility: inherit; position: absolute; top: 0px; left: 0px; bottom: 0px; right: 0px; box-sizing: border-box; padding: 0px; margin: auto; display: block; width: 0px; height: 0px; min-width: 100%; max-width: 100%; min-height: 100%; max-height: 100%;"
            />
          </div>
        </div>
      </div>
      <img
        alt="scroll down"
        class="mx-auto text-center w-1/6 invisible"
        loading="eager"
        src="/static/gifs/scroll.gif"
      />
    </div>
    <div
      style="opacity: 0;"
    >
      <div
        class="px-6 md:px-36 lg:px-48 mb-6"
        data-testid="container"
      >
        <h1
          class="mt-6 lg:mt-16 xl:mt-24 mb-6 text-2xl font-semibold"
          style="opacity: 0; transform: translateY(10px) translateZ(0);"
        >
          Recent work
        </h1>
        <div
          class="flex items-start flex-wrap -mx-5"
        >
          <div
            class="w-full md:w-1/2 lg:w-1/3 mt-8 cursor-pointer text-gray-900 px-5"
            style="opacity: 0; transform: translateY(20px) translateZ(0);"
          >
            <div
              class="rounded-lg shadow-sm"
              style="display: block; overflow: hidden; position: relative;"
            >
              <img
                role="presentation"
                src="data:image/svg+xml;base64,PHN2ZyB4bWxucz0iaHR0cDovL3d3dy53My5vcmcvMjAwMC9zdmciIHdpZHRoPSI1NjkiIGhlaWdodD0iNDI3Ij48L3N2Zz4="
                style="display: block; width: 100%;"
              />
              <div
                style="background-image: url(data:image/jpeg;base64,/9j/4AAQSkZJRgABAQAAAQABAAD/2wCEAAoHBwgHBgoICAgLFBILDhUNGRUSDh0PEQ8NFx8aGBYVKhUaLisjIh0oHSEiJDUlKC0vMjIyGSU4PTcwPCsxMi8BCgsLDg0OHBAQHC8oGh07Oy8vLy8vLy8vLy8vOzAvLy8vLy8vLy8vLy8vLy8vLy8vLy8vLy8vLy8vLy8vLy8vL//AABEIABIAGAMBIgACEQEDEQH/xAAaAAACAgMAAAAAAAAAAAAAAAAABAEDAgUG/8QAIRAAAgEEAAcAAAAAAAAAAAAAAAECAwQFERIjMTM0UXH/xAAXAQEBAQEAAAAAAAAAAAAAAAADBAUC/8QAGREAAgMBAAAAAAAAAAAAAAAAAAECETES/9oADAMBAAIRAxEAPwC6U1oQuKLqjFrz1syutUI7YkOU7EEaVtwMClZOnKfCmiStNCWbHDdtEZ3x5fAAy4YcPThbOUnkaicn19kABasFZ//Z); background-size: cover; opacity: 1; transition: opacity 500ms 500ms; position: absolute; left: 0px; top: 0px; width: 100%; height: 100%;"
              />
              <noscript />
            </div>
            <h2
              class="mt-3 font-semibold text-xl sm:text-sm lg:text-xl"
            >
              A beginner’s guide to understanding React’s context API
            </h2>
            <p
              class="text-gray-600 poppins sm:text-xs md:text-md mt-2"
            >
              React.js
            </p>
          </div>
          <div
            class="w-full md:w-1/2 lg:w-1/3 mt-8 cursor-pointer text-gray-900 px-5"
            style="opacity: 0; transform: translateY(20px) translateZ(0);"
          >
            <div
              class="rounded-lg shadow-sm"
              style="display: block; overflow: hidden; position: relative;"
            >
              <img
                role="presentation"
                src="data:image/svg+xml;base64,PHN2ZyB4bWxucz0iaHR0cDovL3d3dy53My5vcmcvMjAwMC9zdmciIHdpZHRoPSI1NjkiIGhlaWdodD0iNDI3Ij48L3N2Zz4="
                style="display: block; width: 100%;"
              />
              <div
                style="background-image: url(data:image/jpeg;base64,/9j/4AAQSkZJRgABAQAAAQABAAD/2wCEAAoHBwgHBgoICAgLFBILDhUNGRUSDh0PEQ8NFx8aGBYVKhUaLisjIh0oHSEiJDUlKC0vMjIyGSU4PTcwPCsxMi8BCgsLDg0OHBAQHC8oGh07Oy8vLy8vLy8vLy8vOzAvLy8vLy8vLy8vLy8vLy8vLy8vLy8vLy8vLy8vLy8vLy8vL//AABEIABIAGAMBIgACEQEDEQH/xAAaAAACAgMAAAAAAAAAAAAAAAAABAEDAgUG/8QAIRAAAgEEAAcAAAAAAAAAAAAAAAECAwQFERIjMTM0UXH/xAAXAQEBAQEAAAAAAAAAAAAAAAADBAUC/8QAGREAAgMBAAAAAAAAAAAAAAAAAAECETES/9oADAMBAAIRAxEAPwC6U1oQuKLqjFrz1syutUI7YkOU7EEaVtwMClZOnKfCmiStNCWbHDdtEZ3x5fAAy4YcPThbOUnkaicn19kABasFZ//Z); background-size: cover; opacity: 1; transition: opacity 500ms 500ms; position: absolute; left: 0px; top: 0px; width: 100%; height: 100%;"
              />
              <noscript />
            </div>
            <h2
              class="mt-3 font-semibold text-xl sm:text-sm lg:text-xl"
            >
              The most underrated skill for a developer: Communication
            </h2>
            <p
              class="text-gray-600 poppins sm:text-xs md:text-md mt-2"
            >
              Miscellaneous 
            </p>
          </div>
          <div
            class="w-full md:w-1/2 lg:w-1/3 mt-8 cursor-pointer text-gray-900 px-5"
            style="opacity: 0; transform: translateY(20px) translateZ(0);"
          >
            <div
              class="rounded-lg shadow-sm"
              style="display: block; overflow: hidden; position: relative;"
            >
              <img
                role="presentation"
                src="data:image/svg+xml;base64,PHN2ZyB4bWxucz0iaHR0cDovL3d3dy53My5vcmcvMjAwMC9zdmciIHdpZHRoPSI1NjkiIGhlaWdodD0iNDI3Ij48L3N2Zz4="
                style="display: block; width: 100%;"
              />
              <div
                style="background-image: url(data:image/jpeg;base64,/9j/4AAQSkZJRgABAQAAAQABAAD/2wCEAAoHBwgHBgoICAgLFBILDhUNGRUSDh0PEQ8NFx8aGBYVKhUaLisjIh0oHSEiJDUlKC0vMjIyGSU4PTcwPCsxMi8BCgsLDg0OHBAQHC8oGh07Oy8vLy8vLy8vLy8vOzAvLy8vLy8vLy8vLy8vLy8vLy8vLy8vLy8vLy8vLy8vLy8vL//AABEIABIAGAMBIgACEQEDEQH/xAAaAAACAgMAAAAAAAAAAAAAAAAABAEDAgUG/8QAIRAAAgEEAAcAAAAAAAAAAAAAAAECAwQFERIjMTM0UXH/xAAXAQEBAQEAAAAAAAAAAAAAAAADBAUC/8QAGREAAgMBAAAAAAAAAAAAAAAAAAECETES/9oADAMBAAIRAxEAPwC6U1oQuKLqjFrz1syutUI7YkOU7EEaVtwMClZOnKfCmiStNCWbHDdtEZ3x5fAAy4YcPThbOUnkaicn19kABasFZ//Z); background-size: cover; opacity: 1; transition: opacity 500ms 500ms; position: absolute; left: 0px; top: 0px; width: 100%; height: 100%;"
              />
              <noscript />
            </div>
            <h2
              class="mt-3 font-semibold text-xl sm:text-sm lg:text-xl"
            >
              Generate code coverage reports for your unit tests using Jest 
            </h2>
            <p
              class="text-gray-600 poppins sm:text-xs md:text-md mt-2"
            >
              Unit testing
            </p>
          </div>
        </div>
      </div>
    </div>
    <div
      class="px-6 md:px-36 lg:px-48 mb-6"
      data-testid="container"
    >
      <h1
        class="mt-24 xl:mt-64 mb-6 text-2xl font-semibold"
      >
        Featured articles
      </h1>
      <div
        class="flex items-start flex-wrap -mx-5"
      >
        <div
          class="w-full md:w-1/2 lg:w-1/3 mt-8 cursor-pointer text-gray-900 px-5"
          style="opacity: 0; transform: translateY(20px) translateZ(0);"
        >
          <div
            class="rounded-lg shadow-sm"
            style="display: block; overflow: hidden; position: relative;"
          >
            <img
              role="presentation"
              src="data:image/svg+xml;base64,PHN2ZyB4bWxucz0iaHR0cDovL3d3dy53My5vcmcvMjAwMC9zdmciIHdpZHRoPSI1NjkiIGhlaWdodD0iNDI3Ij48L3N2Zz4="
              style="display: block; width: 100%;"
            />
            <div
              style="background-image: url(data:image/jpeg;base64,/9j/4AAQSkZJRgABAQAAAQABAAD/2wCEAAoHBwgHBgoICAgLFBILDhUNGRUSDh0PEQ8NFx8aGBYVKhUaLisjIh0oHSEiJDUlKC0vMjIyGSU4PTcwPCsxMi8BCgsLDg0OHBAQHC8oGh07Oy8vLy8vLy8vLy8vOzAvLy8vLy8vLy8vLy8vLy8vLy8vLy8vLy8vLy8vLy8vLy8vL//AABEIABIAGAMBIgACEQEDEQH/xAAaAAACAgMAAAAAAAAAAAAAAAAABAEDAgUG/8QAIRAAAgEEAAcAAAAAAAAAAAAAAAECAwQFERIjMTM0UXH/xAAXAQEBAQEAAAAAAAAAAAAAAAADBAUC/8QAGREAAgMBAAAAAAAAAAAAAAAAAAECETES/9oADAMBAAIRAxEAPwC6U1oQuKLqjFrz1syutUI7YkOU7EEaVtwMClZOnKfCmiStNCWbHDdtEZ3x5fAAy4YcPThbOUnkaicn19kABasFZ//Z); background-size: cover; opacity: 1; transition: opacity 500ms 500ms; position: absolute; left: 0px; top: 0px; width: 100%; height: 100%;"
            />
            <noscript />
          </div>
          <h2
            class="mt-3 font-semibold text-xl sm:text-sm lg:text-xl"
          >
            A beginner’s guide to understanding React’s context API
          </h2>
          <p
            class="text-gray-600 poppins sm:text-xs md:text-md mt-2"
          >
            Sep 2018 | React.js
          </p>
        </div>
        <div
          class="w-full md:w-1/2 lg:w-1/3 mt-8 cursor-pointer text-gray-900 px-5"
          style="opacity: 0; transform: translateY(20px) translateZ(0);"
        >
          <div
            class="rounded-lg shadow-sm"
            style="display: block; overflow: hidden; position: relative;"
          >
            <img
              role="presentation"
              src="data:image/svg+xml;base64,PHN2ZyB4bWxucz0iaHR0cDovL3d3dy53My5vcmcvMjAwMC9zdmciIHdpZHRoPSI1NjkiIGhlaWdodD0iNDI3Ij48L3N2Zz4="
              style="display: block; width: 100%;"
            />
            <div
              style="background-image: url(data:image/jpeg;base64,/9j/4AAQSkZJRgABAQAAAQABAAD/2wCEAAoHBwgHBgoICAgLFBILDhUNGRUSDh0PEQ8NFx8aGBYVKhUaLisjIh0oHSEiJDUlKC0vMjIyGSU4PTcwPCsxMi8BCgsLDg0OHBAQHC8oGh07Oy8vLy8vLy8vLy8vOzAvLy8vLy8vLy8vLy8vLy8vLy8vLy8vLy8vLy8vLy8vLy8vL//AABEIABIAGAMBIgACEQEDEQH/xAAaAAACAgMAAAAAAAAAAAAAAAAABAEDAgUG/8QAIRAAAgEEAAcAAAAAAAAAAAAAAAECAwQFERIjMTM0UXH/xAAXAQEBAQEAAAAAAAAAAAAAAAADBAUC/8QAGREAAgMBAAAAAAAAAAAAAAAAAAECETES/9oADAMBAAIRAxEAPwC6U1oQuKLqjFrz1syutUI7YkOU7EEaVtwMClZOnKfCmiStNCWbHDdtEZ3x5fAAy4YcPThbOUnkaicn19kABasFZ//Z); background-size: cover; opacity: 1; transition: opacity 500ms 500ms; position: absolute; left: 0px; top: 0px; width: 100%; height: 100%;"
            />
            <noscript />
          </div>
          <h2
            class="mt-3 font-semibold text-xl sm:text-sm lg:text-xl"
          >
            The most underrated skill for a developer: Communication
          </h2>
          <p
            class="text-gray-600 poppins sm:text-xs md:text-md mt-2"
          >
            Aug 2018 | Miscellaneous 
          </p>
        </div>
        <div
          class="w-full md:w-1/2 lg:w-1/3 mt-8 cursor-pointer text-gray-900 px-5"
          style="opacity: 0; transform: translateY(20px) translateZ(0);"
        >
          <div
            class="rounded-lg shadow-sm"
            style="display: block; overflow: hidden; position: relative;"
          >
            <img
              role="presentation"
              src="data:image/svg+xml;base64,PHN2ZyB4bWxucz0iaHR0cDovL3d3dy53My5vcmcvMjAwMC9zdmciIHdpZHRoPSI1NjkiIGhlaWdodD0iNDI3Ij48L3N2Zz4="
              style="display: block; width: 100%;"
            />
            <div
              style="background-image: url(data:image/jpeg;base64,/9j/4AAQSkZJRgABAQAAAQABAAD/2wCEAAoHBwgHBgoICAgLFBILDhUNGRUSDh0PEQ8NFx8aGBYVKhUaLisjIh0oHSEiJDUlKC0vMjIyGSU4PTcwPCsxMi8BCgsLDg0OHBAQHC8oGh07Oy8vLy8vLy8vLy8vOzAvLy8vLy8vLy8vLy8vLy8vLy8vLy8vLy8vLy8vLy8vLy8vL//AABEIABIAGAMBIgACEQEDEQH/xAAaAAACAgMAAAAAAAAAAAAAAAAABAEDAgUG/8QAIRAAAgEEAAcAAAAAAAAAAAAAAAECAwQFERIjMTM0UXH/xAAXAQEBAQEAAAAAAAAAAAAAAAADBAUC/8QAGREAAgMBAAAAAAAAAAAAAAAAAAECETES/9oADAMBAAIRAxEAPwC6U1oQuKLqjFrz1syutUI7YkOU7EEaVtwMClZOnKfCmiStNCWbHDdtEZ3x5fAAy4YcPThbOUnkaicn19kABasFZ//Z); background-size: cover; opacity: 1; transition: opacity 500ms 500ms; position: absolute; left: 0px; top: 0px; width: 100%; height: 100%;"
            />
            <noscript />
          </div>
          <h2
            class="mt-3 font-semibold text-xl sm:text-sm lg:text-xl"
          >
            Generate code coverage reports for your unit tests using Jest 
          </h2>
          <p
            class="text-gray-600 poppins sm:text-xs md:text-md mt-2"
          >
            Aug 2020 | Unit testing
          </p>
        </div>
      </div>
      <a
        class="text-gray-900 hover:text-black poppins mt-16 mx-auto text-center flex items-center justify-center w-auto"
        href="/blog"
      >
        Read more articles  
        <svg
          fill="#000"
          viewBox="0 0 20 20"
          width="20"
          xmlns="http://www.w3.org/2000/svg"
        >
          <path
            clip-rule="evenodd"
            d="M12.293 5.293a1 1 0 011.414 0l4 4a1 1 0 010 1.414l-4 4a1 1 0 01-1.414-1.414L14.586 11H3a1 1 0 110-2h11.586l-2.293-2.293a1 1 0 010-1.414z"
            fill-rule="evenodd"
          />
        </svg>
      </a>
      <h1
        class="mt-24 xl:mt-32 text-2xl sm:text-4xl font-semibold"
        style="opacity: 0; transform: translateY(20px) translateZ(0);"
      >
        Thanks for stopping by!
      </h1>
      <p
        class="poppins text-xl"
        style="opacity: 0; transform: translateY(20px) translateZ(0);"
      >
        <span
          class="block mt-6 sm:mt-10 mb-2"
        >
          Got a project in mind, a question, or something else? 
        </span>
        <a
          class="font-semibold left"
          href="/contact"
        >
          Let's chat.
        </a>
      </p>
    </div>
    <div
      class="mt-24 lg:mt-32"
    >
      <div
        class="px-6 md:px-36 lg:px-48 mb-6"
        data-testid="container"
      >
        <hr
          class="border-gray-800 mt-12 px-6"
        />
        <br />
        <footer
          class="footer flex-wrap"
        >
          <div
            class="flex justify-start items-center"
          >
            <a
              class="hover:border-white flex justify-start items-center"
              href="/"
            >
              <img
                alt="Adithya NR logo"
                class="fill-current lg:h-16 lg:w-12 w-12 h-12 mr-3"
                src="/static/logo_black.svg"
              />
              <span
                class="font-semibold text-black poppins"
              >
                adithya nr
              </span>
            </a>
          </div>
          <ul
            class="flex justify-between"
          >
            <li
              class="ml-0 md:ml-10"
            >
              <a
                class=" text-black text-sm hover:border-gray-900"
                data-testid="footer-link"
                href="/about"
              >
                About
              </a>
            </li>
            <li
              class="ml-0 md:ml-10"
            >
              <a
                class=" text-black text-sm hover:border-gray-900"
                data-testid="footer-link"
                href="/blog"
              >
                Blog
              </a>
            </li>
            <li
              class="ml-0 md:ml-10"
            >
              <a
                class=" text-black text-sm hover:border-gray-900"
                data-testid="footer-link"
                href="/work"
              >
                Work
              </a>
            </li>
            <li
              class="ml-0 md:ml-10"
            >
              <a
                class=" text-black text-sm hover:border-gray-900"
                data-testid="footer-link"
                href="/contact"
              >
                Contact
              </a>
            </li>
            <li
              class="ml-0 md:ml-10"
            >
              <a
                class=" text-black text-sm hover:border-gray-900"
                data-testid="footer-link"
                href="/resume.pdf"
              >
                Resume
              </a>
            </li>
            <li
              class="ml-0 md:ml-10"
            >
              <a
                class=" text-black text-sm hover:border-gray-900"
                data-testid="footer-link"
                href="/uses"
              >
                Uses
              </a>
            </li>
            <li
              class="ml-0 md:ml-10"
            >
              <a
                class=" text-black text-sm hover:border-gray-900"
                data-testid="footer-link"
                href="/legal"
              >
                Legal
              </a>
            </li>
          </ul>
          <div
            class="flex justify-start items-center mt-10 lg:mt-0"
          >
            <a
              class="text-black mr-5"
              data-testid="socials-link"
              href="https://behance.net/adithyabhat"
              rel="noreferrer noopener"
              target="_blank"
            >
              <img
                alt="behance"
                loading="lazy"
                src="/static/behance.svg"
              />
            </a>
            <a
              class="text-black mr-5"
              data-testid="socials-link"
              href="https://dribbble.com/adithyanr"
              rel="noreferrer noopener"
              target="_blank"
            >
              <img
                alt="dribbble"
                loading="lazy"
                src="/static/dribbble.svg"
              />
            </a>
            <a
              class="text-black mr-5"
              data-testid="socials-link"
              href="https://twitter.com/adithya__nr"
              rel="noreferrer noopener"
              target="_blank"
            >
              <img
                alt="twitter"
                loading="lazy"
                src="/static/twitter.svg"
              />
            </a>
            <a
              class="text-black mr-5"
              data-testid="socials-link"
              href="https://github.com/adithyabhat17"
              rel="noreferrer noopener"
              target="_blank"
            >
              <img
                alt="github"
                loading="lazy"
                src="/static/github.svg"
              />
            </a>
            <a
              class="text-black mr-5"
              data-testid="socials-link"
              href="https://linkedin.com/in/adithya-nr"
              rel="noreferrer noopener"
              target="_blank"
            >
              <img
                alt="linkedin"
                loading="lazy"
                src="/static/linkedin.svg"
              />
            </a>
          </div>
        </footer>
      </div>
    </div>
  </div>
</DocumentFragment>
`;
