// Jest Snapshot v1, https://goo.gl/fbAQLP

exports[`Home page matches snapshot 1`] = `
<DocumentFragment>
  <div
    class=""
  >
    <nav
      class="navbar px-6 md:px-36 lg:px-48"
    >
      <div
        class="flex justify-start items-center"
      >
        <a
          class="hover:border-white"
          href="/"
        >
          <img
            alt="Adithya NR"
            class="fill-current lg:h-16 lg:w-16 w-12 h-12"
            src="/static/logo_black.svg"
          />
        </a>
        <span
          class="sm:inline hidden ml-6 text-gray-500 capitalize"
        />
      </div>
      <ul
        class="flex justify-between"
      >
        <li
          class="ml-6"
        >
          <a
            class=" text-black text-sm hover:border-gray-900"
            data-testid="nav-link"
            href="/about"
          >
            About
          </a>
        </li>
        <li
          class="ml-6"
        >
          <a
            class=" text-black text-sm hover:border-gray-900"
            data-testid="nav-link"
            href="/blog"
          >
            Blog
          </a>
        </li>
        <li
          class="ml-6"
        >
          <a
            class=" text-black text-sm hover:border-gray-900"
            data-testid="nav-link"
            href="/contact"
          >
            Contact
          </a>
        </li>
      </ul>
    </nav>
    <div
      class="px-6 md:px-36 lg:px-48 mb-6"
      data-testid="container"
    >
      <div
        class="flex justify-between items-center flex-wrap md:flex-no-wrap"
      >
        <div>
          <h1
            class="font-semibold text-3xl"
          >
            Hey, I'm 
            <span
              class="font-bold"
            >
              Adithya 
            </span>
            <span
              role="img"
            >
              👋
            </span>
          </h1>
          <p
            class="mt-5 w-full md:w-3/4 leading-7 poppins"
          >
            A UX engineer from Bengaluru, helping companies of all sizes get ahead online. I am currently working on a DevOps and Analytics product at 
            <span
              class="text-blue-800"
            >
              Betsol
            </span>
            .
          </p>
          <div
            class="mt-6 mb-8 flex justify-start items-center"
          >
            <a
              class="button_primary mr-5"
              href="/about"
            >
              About me
            </a>
            <a
              class="button_outlined"
              href="/contact"
            >
              Get in touch
            </a>
          </div>
          <div
            class="mb-5"
          >
            <div
              class="flex justify-start items-center"
            >
              <a
                class="text-black mr-5"
                data-testid="socials-link"
                href="https://behance.net/adithyabhat"
                rel="noreferrer noopener"
                target="_blank"
              >
                <img
                  alt="behance"
                  src="/static/behance.svg"
                />
              </a>
              <a
                class="text-black mr-5"
                data-testid="socials-link"
                href="https://dribbble.com/adithyanr"
                rel="noreferrer noopener"
                target="_blank"
              >
                <img
                  alt="dribbble"
                  src="/static/dribbble.svg"
                />
              </a>
              <a
                class="text-black mr-5"
                data-testid="socials-link"
                href="https://twitter.com/adithya__nr"
                rel="noreferrer noopener"
                target="_blank"
              >
                <img
                  alt="twitter"
                  src="/static/twitter.svg"
                />
              </a>
              <a
                class="text-black mr-5"
                data-testid="socials-link"
                href="https://github.com/adithyabhat17"
                rel="noreferrer noopener"
                target="_blank"
              >
                <img
                  alt="github"
                  src="/static/github.svg"
                />
              </a>
              <a
                class="text-black mr-5"
                data-testid="socials-link"
                href="https://linkedin.com/in/adithya-nr"
                rel="noreferrer noopener"
                target="_blank"
              >
                <img
                  alt="linkedin"
                  src="/static/linkedin.svg"
                />
              </a>
            </div>
          </div>
        </div>
        <div
          class="mx-auto"
        >
          <div>
            <div>
              <img
                alt="Hero image"
                class="block mx-auto __lazy"
                data-src="/_next/image?url=%2Fstatic%2Fhero.svg&w=1200&q=75"
                data-srcset="/_next/image?url=%2Fstatic%2Fhero.svg&w=320&q=75 320w, /_next/image?url=%2Fstatic%2Fhero.svg&w=420&q=75 420w, /_next/image?url=%2Fstatic%2Fhero.svg&w=768&q=75 768w, /_next/image?url=%2Fstatic%2Fhero.svg&w=1024&q=75 1024w, /_next/image?url=%2Fstatic%2Fhero.svg&w=1200&q=75 1200w"
              />
            </div>
          </div>
        </div>
      </div>
      <div>
        <div>
          <img
            alt="scroll down"
            class="mx-auto text-center w-1/6 hidden"
            src="/_next/image?url=%2Fstatic%2Fgifs%2Fscroll.gif&w=1200&q=75"
            srcset="/_next/image?url=%2Fstatic%2Fgifs%2Fscroll.gif&w=320&q=75 320w, /_next/image?url=%2Fstatic%2Fgifs%2Fscroll.gif&w=420&q=75 420w, /_next/image?url=%2Fstatic%2Fgifs%2Fscroll.gif&w=768&q=75 768w, /_next/image?url=%2Fstatic%2Fgifs%2Fscroll.gif&w=1024&q=75 1024w, /_next/image?url=%2Fstatic%2Fgifs%2Fscroll.gif&w=1200&q=75 1200w"
          />
        </div>
      </div>
    </div>
  </div>
</DocumentFragment>
`;
