// Jest Snapshot v1, https://goo.gl/fbAQLP

exports[`Renders a list of blogs 1`] = `
<div>
  <div>
    <div
      class="px-6 md:px-36 lg:px-48 mb-6 undefined"
      data-testid="container"
    >
      <h1
        class="font-semibold text-5xl text-gray-900 mb-6"
        style="opacity: 0; transform: translateY(60px) translateZ(0);"
      >
        Recent work
      </h1>
      <div
        class="flex items-start flex-wrap -mx-5"
      />
    </div>
  </div>
</div>
`;
